// Jest Snapshot v1, https://goo.gl/fbAQLP

exports[`coblocks/highlight should render with content 1`] = `
"<!-- wp:coblocks/highlight -->
<p class=\\"wp-block-coblocks-highlight\\"><div class=\\"wp-block-coblocks-highlight__content\\">highlighted content</div></p>
<!-- /wp:coblocks/highlight -->"
`;
