// Jest Snapshot v1, https://goo.gl/fbAQLP

exports[`coblocks/field-telephone should render 1`] = `"<!-- wp:coblocks/field-telephone /-->"`;
