// Jest Snapshot v1, https://goo.gl/fbAQLP

exports[`coblocks/hero should render 1`] = `"<!-- wp:coblocks/post-carousel /-->"`;
