// Jest Snapshot v1, https://goo.gl/fbAQLP

exports[`coblocks/features should render 1`] = `
"<!-- wp:coblocks/features -->
<div class=\\"wp-block-coblocks-features\\"><div class=\\"wp-block-coblocks-features__inner has-columns has-2-columns has-responsive-columns has-medium-gutter has-center-content\\"></div></div>
<!-- /wp:coblocks/features -->"
`;
