// Jest Snapshot v1, https://goo.gl/fbAQLP

exports[`coblocks/media-card should render 1`] = `
"<!-- wp:coblocks/media-card -->
<div class=\\"wp-block-coblocks-media-card alignwide is-style-left has-no-media\\"><div class=\\"wp-block-coblocks-media-card__inner has-no-padding\\"><div class=\\"wp-block-coblocks-media-card__wrapper\\"><figure class=\\"wp-block-coblocks-media-card__media\\"></figure><div class=\\"wp-block-coblocks-media-card__content\\"></div></div></div></div>
<!-- /wp:coblocks/media-card -->"
`;
