// Jest Snapshot v1, https://goo.gl/fbAQLP

exports[`coblocks/form should render with customBackgroundButtonColor 1`] = `"<!-- wp:coblocks/form {\\"customBackgroundButtonColor\\":\\"#da5d5d\\"} /-->"`;

exports[`coblocks/form should render with customTextButtonColor 1`] = `"<!-- wp:coblocks/form {\\"customTextButtonColor\\":\\"#da5d5d\\"} /-->"`;

exports[`coblocks/form should render with form details 1`] = `"<!-- wp:coblocks/form {\\"subject\\":\\"Form subject\\",\\"to\\":\\"Form to text\\",\\"submitButtonText\\":\\"Form submit button text\\"} /-->"`;
