// Jest Snapshot v1, https://goo.gl/fbAQLP

exports[`coblocks/feature should render 1`] = `
"<!-- wp:coblocks/feature -->
<div class=\\"wp-block-coblocks-feature\\"><div class=\\"wp-block-coblocks-feature__inner has-no-padding\\"></div></div>
<!-- /wp:coblocks/feature -->"
`;
